---
source: src/lsp/bridge/protocol/lifecycle.rs
expression: capabilities
---
{
  "textDocument": {
    "completion": {
      "completionItem": {
        "insertReplaceSupport": true,
        "snippetSupport": true
      },
      "dynamicRegistration": true
    },
    "declaration": {
      "dynamicRegistration": true,
      "linkSupport": true
    },
    "definition": {
      "dynamicRegistration": true,
      "linkSupport": true
    },
    "diagnostic": {
      "dynamicRegistration": true,
      "relatedDocumentSupport": true
    },
    "documentHighlight": {
      "dynamicRegistration": true
    },
    "documentLink": {
      "dynamicRegistration": true,
      "tooltipSupport": true
    },
    "documentSymbol": {
      "dynamicRegistration": true,
      "hierarchicalDocumentSymbolSupport": true
    },
    "hover": {
      "contentFormat": [
        "markdown",
        "plaintext"
      ],
      "dynamicRegistration": true
    },
    "implementation": {
      "dynamicRegistration": true,
      "linkSupport": true
    },
    "inlayHint": {
      "dynamicRegistration": true
    },
    "moniker": {
      "dynamicRegistration": true
    },
    "references": {
      "dynamicRegistration": true
    },
    "signatureHelp": {
      "dynamicRegistration": true
    },
    "typeDefinition": {
      "dynamicRegistration": true,
      "linkSupport": true
    }
  }
}
