---
source: tests/e2e_completion.rs
expression: sanitized
---
{
  "isIncomplete": true,
  "items": [
    {
      "detail": "i32",
      "filterText": "x",
      "kind": 5,
      "label": "x",
      "preselect": true,
      "sortText": "7fffffff",
      "textEdit": {
        "newText": "x",
        "range": {
          "end": {
            "character": 6,
            "line": 10
          },
          "start": {
            "character": 6,
            "line": 10
          }
        }
      }
    },
    {
      "detail": "i32",
      "filterText": "y",
      "kind": 5,
      "label": "y",
      "preselect": true,
      "sortText": "7fffffff",
      "textEdit": {
        "newText": "y",
        "range": {
          "end": {
            "character": 6,
            "line": 10
          },
          "start": {
            "character": 6,
            "line": 10
          }
        }
      }
    }
  ]
}
