---
source: tests/e2e_signature_help.rs
expression: sanitized
---
{
  "activeParameter": 0,
  "activeSignature": 0,
  "signatures": [
    {
      "activeParameter": 0,
      "label": "fn greet(name: &str, age: u32)",
      "parameters": [
        {
          "label": "name: &str"
        },
        {
          "label": "age: u32"
        }
      ]
    }
  ]
}
